[bwc-network.com/index.html]
[backblue.gif]
[fade.gif]
[index.html]
[s0.wp.com/wp-content/plugins/custom-fonts/js/webfont.js]
[bwc-network.com/remote-login4f98.html]
[s0.wp.com/wp-content/plugins/gutenberg-core/v17.9.0/build/block-library/style3209.css]
[widgets.wp.com/verbum-block-editor/block-editor0a16.css]
[bwc-network.com/feed/index.html]
[s1.wp.com/wp-content/mu-plugins/global-print/global-printbcec.css]
[bwc-network.com/comments/feed/index.html]
[bwc-network.com/osd.xml]
[s1.wp.com/_static/indexba1f.html]
[bwcdatabase.files.wordpress.com/2024/03/pngtree-red-and-blue-glowing-smoke-background-image_397581.jpg]
[bwc-network.com/wp-content/uploads/2024/03/wp-171026486207176ca.jpg]
[bwc-network.com/wp-content/uploads/2024/03/wp-17102648620719939.jpg]
[bwc-network.com/wp-content/uploads/2024/03/wp-1710264862071ad83.jpg]
[bwc-network.com/wp-content/uploads/2022/02/cropped-bwc-logo-2.png]
[bwc-network.com/demande-de-contenus/index.html]
[bwc-network.com/pages-diverses/index.html]
[bwc-network.com/contactez-nous/index.html]
[0.gravatar.com/js/hovercards/hovercards.min578f.js]
[bwc-network.com/hebergement-html/index.html]
[bwc-network.com/bwc-upload/index.html]
[bwc-network.com/shops/index.html]
[s2.wp.com/wp-content/mu-plugins/gravatar-hovercards/wpgrohoe8bd.js]
[bwc-network.com/nos-webradio/index.html]
[bwc-network.com/liens-externes/index.html]
[bwc-network.com/wp-content/uploads/2024/03/wp-1710264862071ae05.jpg]
[bwc-network.com/demande-de-gravure-et-denvoi-sur-cd/index.html]
[bwc-network.com/obtenir-le-mot-de-passe-de-telechargement/index.html]
[bwc-network.com/nos-contenus/index.html]
[s0.wp.com/wp-content/mu-plugins/actionbar/actionbarf84d.css]
[bwc-network.com/statut-des-serveurs/index.html]
[s0.wp.com/wp-content/mu-plugins/actionbar/actionbar4dc1.js]
[bwc-network.com/wp-content/plugins/ie-sitemode/custom-jumplist.php]
[stats.wp.com/w735b.js]
[pixel.wp.com/b0b80.gif]
[bwc-network.com/index.html]
[bwc-network.com/xmlrpc.php]
[bwc-network.com/remote-login4f98.html]
[s0.wp.com/wp-content/plugins/gutenberg-core/v17.9.0/build/block-library/style3209.css]
[s1.wp.com/_static/indexd02a.html]
[widgets.wp.com/verbum-block-editor/block-editor0a16.css]
[s1.wp.com/_static/indexba1f.html]
[s1.wp.com/wp-content/mu-plugins/global-print/global-printbcec.css]
[s2.wp.com/wp-content/themes/h4/globalf753.css]
[bwc-network.com/wp-content/uploads/2024/03/download-7641614_12807658.png]
[bwc-network.com/contactez-nous/index.html]
[bwc-network.com/demande-de-contenus/index.html]
[bwc-network.com/webcams/index.html]
[bwc-network.com/french-tek-🇨🇵/index.html]
[bwc-network.com/pages-diverses/index.html]
[bwc-network.com/bwc-upload/index.html]
[bwc-network.com/sites-heberges/index.html]
[bwc-network.com/dub-🔊/index.html]
[bwc-network.com/hebergement-html/index.html]
[bwc-network.com/shops/index.html]
[bwc-network.com/wp-content/js/bilmur.minae13.js]
[bwc-network.com/wp-content/uploads/2024/03/crazyfacedcat_1691688092_header7658.jpg]
[bwc-network.com/liens-externes/index.html]
[bwc-network.com/nos-webradio/index.html]
[bwc-network.com/demande-de-gravure-et-denvoi-sur-cd/index.html]
[bwc-network.com/obtenir-le-mot-de-passe-de-telechargement/index.html]
[bwc-network.com/nos-contenus/index.html]
[bwc-network.com/statut-des-serveurs/index.html]
[bwc-network.com/films/index.html]
[bwc-network.com/logiciels-windows/index.html]
[bwc-network.com/musique/index.html]
[bwc-network.com/systemes-dexploitation/index.html]
[s0.wp.com/wp-content/mu-plugins/actionbar/actionbarf84d.css]
[bwc-network.com/photos-et-videos/index.html]
[bwc-network.com/jeux-pc/index.html]
[bwc-network.com/webcams/index.html]
[bwc-network.com/archives-et-anciennes-versions-de-nos-contenus/index.html]
[bwc-network.com/apk-et-crack-android/index.html]
[bwc-network.com/french-tek-🇨🇵/index.html]
[bwc-network.com/dub-🔊/index.html]
[bwc-network.com/sites-heberges/index.html]
[bwc-network.com/films/index.html]
[bwc-network.com/musique/index.html]
[bwc-network.com/logiciels-windows/index.html]
[bwc-network.com/systemes-dexploitation/index.html]
[bwc-network.com/clones-virtualbox-et-demarrage-direct/index.html]
[bwc-network.com/wp-content/uploads/2024/03/vidc3a9osourismaman.mp4]
[bwc-network.com/contenus-prives/index.html]
[bwc-network.com/wp-content/uploads/2024/03/copiedevid_30501025_140958_878.mp4]
[bwc-network.com/photos-et-videos/index.html]
[bwc-network.com/petit-ours-dessins-animes/index.html]
[bwc-network.com/photos/index.html]
[bwc-network.com/jeux-pc/index.html]
[bwc-network.com/la-panthere-rose-tous-les-episodes/index.html]
[bwc-network.com/all-farming-simulator/index.html]
[bwc-network.com/archives-et-anciennes-versions-de-nos-contenus/index.html]
[bwc-network.com/apk-et-crack-android/index.html]
[bwc-network.com/clones-virtualbox-et-demarrage-direct/index.html]
[bwc-network.com/contenus-prives/index.html]
[bwc-network.com/wp-content/uploads/2024/03/sketch-16880689655055637.jpg]
[bwc-network.com/contenus-prives-2/index.html]
[bwc-network.com/wp-content/uploads/2024/03/document4_16a42.jpg]
[bwc-network.com/wp-content/uploads/2024/03/sketch-1708270976252b390.jpg]
[bwc-network.com/wp-content/uploads/2024/03/tableausalledebainchezmilo53aa.jpg]
[bwc-network.com/wp-content/uploads/2024/03/img202309121836422dff.jpg]
[bwc-network.com/wp-content/uploads/2024/03/img202309052040182dff.jpg]
[bwc-network.com/wp-content/uploads/2024/03/img202309052040312dff.jpg]
[bwc-network.com/wp-content/uploads/2024/03/img202309121831212dff.jpg]
[bwc-network.com/wp-content/uploads/2024/03/img202309151555262dff.jpg]
[bwc-network.com/wp-content/uploads/2024/03/img202309151517272dff.jpg]
[bwc-network.com/wp-content/uploads/2024/03/img20230915151738467a.jpg]
[bwc-network.com/wp-content/uploads/2024/03/img202311101555542dff.jpg]
[bwc-network.com/wp-content/uploads/2024/03/img202311011436542dff.jpg]
[bwc-network.com/wp-content/uploads/2024/03/img20231207151423cb79.jpg]
[bwc-network.com/wp-content/uploads/2024/03/img20240125171433cb79.jpg]
[bwc-network.com/wp-content/uploads/2024/03/img20240125171425cb79.jpg]
[bwc-network.com/photos/index.html]
[bwc-network.com/wp-content/uploads/2024/03/petit_ourse886.png]
[bwc-network.com/petit-ours-dessins-animes/index.html]
[bwc-network.com/wp-content/uploads/2024/03/il_fullxfull.3927211072_2qgn6410.jpg]
[bwc-network.com/la-panthere-rose-tous-les-episodes/index.html]
[bwc-network.com/all-farming-simulator/index.html]
[bwc-network.com/contenus-prives-2/index.html]
